// Jest Snapshot v1, https://goo.gl/fbAQLP

exports[`CreateOrJoinScreen snapshot 1`] = `
<RCTSafeAreaView
  emulateUnlessSupported={true}
  style={
    Object {
      "backgroundColor": "#0f0b1c",
      "flex": 1,
      "justifyContent": "space-evenly",
      "paddingLeft": 20,
      "paddingRight": 20,
    }
  }
>
  <Text
    style={
      Array [
        Object {
          "color": "#000000",
          "fontFamily": "System",
          "fontWeight": "400",
        },
        Object {
          "textAlign": "left",
        },
        Array [
          Object {
            "textAlign": "left",
          },
          Object {
            "color": "rgba(0, 0, 0, 0.87)",
            "fontFamily": "System",
            "fontWeight": "400",
            "writingDirection": "ltr",
          },
          Array [
            Object {
              "fontSize": 24,
              "letterSpacing": 0,
              "lineHeight": 32,
              "marginVertical": 2,
            },
            Object {
              "color": "#FF9C55",
              "fontSize": 32,
              "fontStyle": "italic",
              "margin": 30,
              "textAlign": "center",
            },
          ],
        ],
      ]
    }
  >
    Find the perfect movie to watch with friends
  </Text>
  <View>
    <View
      accessible={true}
      collapsable={false}
      focusable={true}
      onBlur={[Function]}
      onClick={[Function]}
      onFocus={[Function]}
      onResponderGrant={[Function]}
      onResponderMove={[Function]}
      onResponderRelease={[Function]}
      onResponderTerminate={[Function]}
      onResponderTerminationRequest={[Function]}
      onStartShouldSetResponder={[Function]}
      style={
        Object {
          "backgroundColor": "#352761",
          "borderRadius": 10,
          "margin": 40,
          "marginBottom": 10,
          "marginTop": 15,
          "padding": 10,
        }
      }
    >
      <Text
        style={
          Object {
            "color": "#FFFFFF",
            "fontWeight": "normal",
            "textAlign": "center",
          }
        }
      >
         Start a movie party
      </Text>
    </View>
    <View
      accessible={true}
      collapsable={false}
      focusable={true}
      onBlur={[Function]}
      onClick={[Function]}
      onFocus={[Function]}
      onResponderGrant={[Function]}
      onResponderMove={[Function]}
      onResponderRelease={[Function]}
      onResponderTerminate={[Function]}
      onResponderTerminationRequest={[Function]}
      onStartShouldSetResponder={[Function]}
      style={
        Object {
          "backgroundColor": "#352761",
          "borderRadius": 10,
          "margin": 40,
          "marginBottom": 10,
          "marginTop": 15,
          "padding": 10,
        }
      }
      title="Join a session"
    >
      <Text
        style={
          Object {
            "color": "#FFFFFF",
            "fontWeight": "normal",
            "textAlign": "center",
          }
        }
      >
        Join a movie party
      </Text>
    </View>
  </View>
</RCTSafeAreaView>
`;
