// Jest Snapshot v1, https://goo.gl/fbAQLP

exports[`RatingScreen snapshot 1`] = `
<View
  collapsable={false}
  pointerEvents="box-none"
  style={
    Object {
      "flex": 1,
    }
  }
>
  <RCTSafeAreaView
    emulateUnlessSupported={true}
    style={
      Object {
        "backgroundColor": "#0f0b1c",
        "flex": 1,
        "justifyContent": "center",
        "paddingBottom": 5,
      }
    }
  >
    <RCTScrollView>
      <View>
        <Text
          style={
            Array [
              Object {
                "color": "#000000",
                "fontFamily": "System",
                "fontWeight": "400",
              },
              Object {
                "textAlign": "left",
              },
              Array [
                Object {
                  "textAlign": "left",
                },
                Object {
                  "color": "rgba(0, 0, 0, 0.87)",
                  "fontFamily": "System",
                  "fontWeight": "400",
                  "writingDirection": "ltr",
                },
                Array [
                  Object {
                    "fontSize": 24,
                    "letterSpacing": 0,
                    "lineHeight": 32,
                    "marginVertical": 2,
                  },
                  Object {
                    "color": "#FF9C55",
                    "fontSize": 25,
                    "fontStyle": "italic",
                    "margin": 30,
                    "textAlign": "center",
                  },
                ],
              ],
            ]
          }
        >
          Vote for the movies you want to watch in 
          
        </Text>
        <View
          style={
            Object {
              "backgroundColor": "#352761",
              "borderColor": "rgba(0, 0, 0, 0.12)",
              "borderRadius": 4,
              "elevation": 1,
              "margin": 10,
              "shadowColor": "#000000",
              "shadowOffset": Object {
                "height": 0.5,
                "width": 0,
              },
              "shadowOpacity": 0.24,
              "shadowRadius": 0.75,
            }
          }
        >
          <View
            accessible={true}
            focusable={false}
            onClick={[Function]}
            onResponderGrant={[Function]}
            onResponderMove={[Function]}
            onResponderRelease={[Function]}
            onResponderTerminate={[Function]}
            onResponderTerminationRequest={[Function]}
            onStartShouldSetResponder={[Function]}
            style={
              Object {
                "flexGrow": 1,
                "flexShrink": 1,
              }
            }
          >
            <View
              index={0}
              siblings={
                Array [
                  "View",
                  "withTheme(Portal)",
                ]
              }
              style={
                Object {
                  "flexDirection": "row",
                }
              }
              total={2}
            >
              <View
                style={
                  Array [
                    Object {
                      "backgroundColor": "#eeeeee",
                      "height": 195,
                      "overflow": "hidden",
                    },
                    undefined,
                    Object {
                      "flex": 1,
                      "height": 150,
                      "width": 100,
                    },
                  ]
                }
              >
                <Image
                  source={
                    Object {
                      "uri": "https://image.tmdb.org/t/p/w500//sg4xJaufDiQl7caFEskBtQXfD4x.jpg",
                    }
                  }
                  style={
                    Array [
                      Object {
                        "flex": 1,
                        "height": undefined,
                        "justifyContent": "flex-end",
                        "padding": 16,
                        "width": undefined,
                      },
                      undefined,
                    ]
                  }
                />
              </View>
              <View
                style={
                  Array [
                    Object {
                      "paddingHorizontal": 16,
                    },
                    undefined,
                    Object {
                      "flex": 2,
                      "flexShrink": 1,
                    },
                  ]
                }
              >
                <Text
                  ellipsizeMode="tail"
                  numberOfLines={2}
                  style={
                    Array [
                      Object {
                        "color": "#000000",
                        "fontFamily": "System",
                        "fontWeight": "400",
                      },
                      Object {
                        "textAlign": "left",
                      },
                      Array [
                        Object {
                          "textAlign": "left",
                        },
                        Object {
                          "color": "rgba(0, 0, 0, 0.87)",
                          "fontFamily": "System",
                          "fontWeight": "500",
                          "writingDirection": "ltr",
                        },
                        Array [
                          Object {
                            "fontSize": 20,
                            "letterSpacing": 0.15,
                            "lineHeight": 30,
                            "marginVertical": 2,
                          },
                          Object {
                            "color": "#FFFFFF",
                            "fontSize": 20,
                          },
                        ],
                      ],
                    ]
                  }
                >
                  Ghostbusters: Afterlife
                </Text>
                <View
                  style={
                    Object {
                      "flex": 1,
                      "justifyContent": "center",
                    }
                  }
                >
                  <View
                    style={
                      Array [
                        Object {
                          "alignItems": "center",
                          "backgroundColor": "transparent",
                          "flexDirection": "column",
                          "justifyContent": "center",
                        },
                      ]
                    }
                  >
                    <View
                      style={
                        Array [
                          Object {
                            "alignItems": "center",
                            "flexDirection": "row",
                            "justifyContent": "center",
                          },
                        ]
                      }
                    >
                      <View
                        accessible={true}
                        focusable={true}
                        onClick={[Function]}
                        onResponderGrant={[Function]}
                        onResponderMove={[Function]}
                        onResponderRelease={[Function]}
                        onResponderTerminate={[Function]}
                        onResponderTerminationRequest={[Function]}
                        onStartShouldSetResponder={[Function]}
                        style={
                          Object {
                            "opacity": 1,
                          }
                        }
                      >
                        <Image
                          source={1}
                          style={
                            Object {
                              "height": 25,
                              "margin": 3,
                              "tintColor": "#f1c40f",
                              "transform": Array [
                                Object {
                                  "scale": 1,
                                },
                              ],
                              "width": 25,
                            }
                          }
                        />
                      </View>
                      <View
                        accessible={true}
                        focusable={true}
                        onClick={[Function]}
                        onResponderGrant={[Function]}
                        onResponderMove={[Function]}
                        onResponderRelease={[Function]}
                        onResponderTerminate={[Function]}
                        onResponderTerminationRequest={[Function]}
                        onStartShouldSetResponder={[Function]}
                        style={
                          Object {
                            "opacity": 1,
                          }
                        }
                      >
                        <Image
                          source={1}
                          style={
                            Object {
                              "height": 25,
                              "margin": 3,
                              "tintColor": "#f1c40f",
                              "transform": Array [
                                Object {
                                  "scale": 1,
                                },
                              ],
                              "width": 25,
                            }
                          }
                        />
                      </View>
                      <View
                        accessible={true}
                        focusable={true}
                        onClick={[Function]}
                        onResponderGrant={[Function]}
                        onResponderMove={[Function]}
                        onResponderRelease={[Function]}
                        onResponderTerminate={[Function]}
                        onResponderTerminationRequest={[Function]}
                        onStartShouldSetResponder={[Function]}
                        style={
                          Object {
                            "opacity": 1,
                          }
                        }
                      >
                        <Image
                          source={1}
                          style={
                            Object {
                              "height": 25,
                              "margin": 3,
                              "tintColor": "#f1c40f",
                              "transform": Array [
                                Object {
                                  "scale": 1,
                                },
                              ],
                              "width": 25,
                            }
                          }
                        />
                      </View>
                      <View
                        accessible={true}
                        focusable={true}
                        onClick={[Function]}
                        onResponderGrant={[Function]}
                        onResponderMove={[Function]}
                        onResponderRelease={[Function]}
                        onResponderTerminate={[Function]}
                        onResponderTerminationRequest={[Function]}
                        onStartShouldSetResponder={[Function]}
                        style={
                          Object {
                            "opacity": 1,
                          }
                        }
                      >
                        <Image
                          source={1}
                          style={
                            Object {
                              "height": 25,
                              "margin": 3,
                              "tintColor": "#BDC3C7",
                              "transform": Array [
                                Object {
                                  "scale": 1,
                                },
                              ],
                              "width": 25,
                            }
                          }
                        />
                      </View>
                      <View
                        accessible={true}
                        focusable={true}
                        onClick={[Function]}
                        onResponderGrant={[Function]}
                        onResponderMove={[Function]}
                        onResponderRelease={[Function]}
                        onResponderTerminate={[Function]}
                        onResponderTerminationRequest={[Function]}
                        onStartShouldSetResponder={[Function]}
                        style={
                          Object {
                            "opacity": 1,
                          }
                        }
                      >
                        <Image
                          source={1}
                          style={
                            Object {
                              "height": 25,
                              "margin": 3,
                              "tintColor": "#BDC3C7",
                              "transform": Array [
                                Object {
                                  "scale": 1,
                                },
                              ],
                              "width": 25,
                            }
                          }
                        />
                      </View>
                    </View>
                  </View>
                </View>
                <View
                  accessible={true}
                  collapsable={false}
                  focusable={true}
                  onBlur={[Function]}
                  onClick={[Function]}
                  onFocus={[Function]}
                  onResponderGrant={[Function]}
                  onResponderMove={[Function]}
                  onResponderRelease={[Function]}
                  onResponderTerminate={[Function]}
                  onResponderTerminationRequest={[Function]}
                  onStartShouldSetResponder={[Function]}
                  style={
                    Object {
                      "alignSelf": "flex-end",
                    }
                  }
                  type="text"
                >
                  <Text
                    style={
                      Object {
                        "color": "#FF9C55",
                        "fontSize": 12,
                        "paddingBottom": 10,
                      }
                    }
                  >
                    SHOW MORE
                  </Text>
                </View>
              </View>
            </View>
          </View>
        </View>
        <View
          style={
            Object {
              "backgroundColor": "#352761",
              "borderColor": "rgba(0, 0, 0, 0.12)",
              "borderRadius": 4,
              "elevation": 1,
              "margin": 10,
              "shadowColor": "#000000",
              "shadowOffset": Object {
                "height": 0.5,
                "width": 0,
              },
              "shadowOpacity": 0.24,
              "shadowRadius": 0.75,
            }
          }
        >
          <View
            accessible={true}
            focusable={false}
            onClick={[Function]}
            onResponderGrant={[Function]}
            onResponderMove={[Function]}
            onResponderRelease={[Function]}
            onResponderTerminate={[Function]}
            onResponderTerminationRequest={[Function]}
            onStartShouldSetResponder={[Function]}
            style={
              Object {
                "flexGrow": 1,
                "flexShrink": 1,
              }
            }
          >
            <View
              index={0}
              siblings={
                Array [
                  "View",
                  "withTheme(Portal)",
                ]
              }
              style={
                Object {
                  "flexDirection": "row",
                }
              }
              total={2}
            >
              <View
                style={
                  Array [
                    Object {
                      "backgroundColor": "#eeeeee",
                      "height": 195,
                      "overflow": "hidden",
                    },
                    undefined,
                    Object {
                      "flex": 1,
                      "height": 150,
                      "width": 100,
                    },
                  ]
                }
              >
                <Image
                  source={
                    Object {
                      "uri": "https://image.tmdb.org/t/p/w500//aWeKITRFbbwY8txG5uCj4rMCfSP.jpg",
                    }
                  }
                  style={
                    Array [
                      Object {
                        "flex": 1,
                        "height": undefined,
                        "justifyContent": "flex-end",
                        "padding": 16,
                        "width": undefined,
                      },
                      undefined,
                    ]
                  }
                />
              </View>
              <View
                style={
                  Array [
                    Object {
                      "paddingHorizontal": 16,
                    },
                    undefined,
                    Object {
                      "flex": 2,
                      "flexShrink": 1,
                    },
                  ]
                }
              >
                <Text
                  ellipsizeMode="tail"
                  numberOfLines={2}
                  style={
                    Array [
                      Object {
                        "color": "#000000",
                        "fontFamily": "System",
                        "fontWeight": "400",
                      },
                      Object {
                        "textAlign": "left",
                      },
                      Array [
                        Object {
                          "textAlign": "left",
                        },
                        Object {
                          "color": "rgba(0, 0, 0, 0.87)",
                          "fontFamily": "System",
                          "fontWeight": "500",
                          "writingDirection": "ltr",
                        },
                        Array [
                          Object {
                            "fontSize": 20,
                            "letterSpacing": 0.15,
                            "lineHeight": 30,
                            "marginVertical": 2,
                          },
                          Object {
                            "color": "#FFFFFF",
                            "fontSize": 20,
                          },
                        ],
                      ],
                    ]
                  }
                >
                  Sing 2
                </Text>
                <View
                  style={
                    Object {
                      "flex": 1,
                      "justifyContent": "center",
                    }
                  }
                >
                  <View
                    style={
                      Array [
                        Object {
                          "alignItems": "center",
                          "backgroundColor": "transparent",
                          "flexDirection": "column",
                          "justifyContent": "center",
                        },
                      ]
                    }
                  >
                    <View
                      style={
                        Array [
                          Object {
                            "alignItems": "center",
                            "flexDirection": "row",
                            "justifyContent": "center",
                          },
                        ]
                      }
                    >
                      <View
                        accessible={true}
                        focusable={true}
                        onClick={[Function]}
                        onResponderGrant={[Function]}
                        onResponderMove={[Function]}
                        onResponderRelease={[Function]}
                        onResponderTerminate={[Function]}
                        onResponderTerminationRequest={[Function]}
                        onStartShouldSetResponder={[Function]}
                        style={
                          Object {
                            "opacity": 1,
                          }
                        }
                      >
                        <Image
                          source={1}
                          style={
                            Object {
                              "height": 25,
                              "margin": 3,
                              "tintColor": "#f1c40f",
                              "transform": Array [
                                Object {
                                  "scale": 1,
                                },
                              ],
                              "width": 25,
                            }
                          }
                        />
                      </View>
                      <View
                        accessible={true}
                        focusable={true}
                        onClick={[Function]}
                        onResponderGrant={[Function]}
                        onResponderMove={[Function]}
                        onResponderRelease={[Function]}
                        onResponderTerminate={[Function]}
                        onResponderTerminationRequest={[Function]}
                        onStartShouldSetResponder={[Function]}
                        style={
                          Object {
                            "opacity": 1,
                          }
                        }
                      >
                        <Image
                          source={1}
                          style={
                            Object {
                              "height": 25,
                              "margin": 3,
                              "tintColor": "#f1c40f",
                              "transform": Array [
                                Object {
                                  "scale": 1,
                                },
                              ],
                              "width": 25,
                            }
                          }
                        />
                      </View>
                      <View
                        accessible={true}
                        focusable={true}
                        onClick={[Function]}
                        onResponderGrant={[Function]}
                        onResponderMove={[Function]}
                        onResponderRelease={[Function]}
                        onResponderTerminate={[Function]}
                        onResponderTerminationRequest={[Function]}
                        onStartShouldSetResponder={[Function]}
                        style={
                          Object {
                            "opacity": 1,
                          }
                        }
                      >
                        <Image
                          source={1}
                          style={
                            Object {
                              "height": 25,
                              "margin": 3,
                              "tintColor": "#f1c40f",
                              "transform": Array [
                                Object {
                                  "scale": 1,
                                },
                              ],
                              "width": 25,
                            }
                          }
                        />
                      </View>
                      <View
                        accessible={true}
                        focusable={true}
                        onClick={[Function]}
                        onResponderGrant={[Function]}
                        onResponderMove={[Function]}
                        onResponderRelease={[Function]}
                        onResponderTerminate={[Function]}
                        onResponderTerminationRequest={[Function]}
                        onStartShouldSetResponder={[Function]}
                        style={
                          Object {
                            "opacity": 1,
                          }
                        }
                      >
                        <Image
                          source={1}
                          style={
                            Object {
                              "height": 25,
                              "margin": 3,
                              "tintColor": "#BDC3C7",
                              "transform": Array [
                                Object {
                                  "scale": 1,
                                },
                              ],
                              "width": 25,
                            }
                          }
                        />
                      </View>
                      <View
                        accessible={true}
                        focusable={true}
                        onClick={[Function]}
                        onResponderGrant={[Function]}
                        onResponderMove={[Function]}
                        onResponderRelease={[Function]}
                        onResponderTerminate={[Function]}
                        onResponderTerminationRequest={[Function]}
                        onStartShouldSetResponder={[Function]}
                        style={
                          Object {
                            "opacity": 1,
                          }
                        }
                      >
                        <Image
                          source={1}
                          style={
                            Object {
                              "height": 25,
                              "margin": 3,
                              "tintColor": "#BDC3C7",
                              "transform": Array [
                                Object {
                                  "scale": 1,
                                },
                              ],
                              "width": 25,
                            }
                          }
                        />
                      </View>
                    </View>
                  </View>
                </View>
                <View
                  accessible={true}
                  collapsable={false}
                  focusable={true}
                  onBlur={[Function]}
                  onClick={[Function]}
                  onFocus={[Function]}
                  onResponderGrant={[Function]}
                  onResponderMove={[Function]}
                  onResponderRelease={[Function]}
                  onResponderTerminate={[Function]}
                  onResponderTerminationRequest={[Function]}
                  onStartShouldSetResponder={[Function]}
                  style={
                    Object {
                      "alignSelf": "flex-end",
                    }
                  }
                  type="text"
                >
                  <Text
                    style={
                      Object {
                        "color": "#FF9C55",
                        "fontSize": 12,
                        "paddingBottom": 10,
                      }
                    }
                  >
                    SHOW MORE
                  </Text>
                </View>
              </View>
            </View>
          </View>
        </View>
        <View
          style={
            Object {
              "backgroundColor": "#352761",
              "borderColor": "rgba(0, 0, 0, 0.12)",
              "borderRadius": 4,
              "elevation": 1,
              "margin": 10,
              "shadowColor": "#000000",
              "shadowOffset": Object {
                "height": 0.5,
                "width": 0,
              },
              "shadowOpacity": 0.24,
              "shadowRadius": 0.75,
            }
          }
        >
          <View
            accessible={true}
            focusable={false}
            onClick={[Function]}
            onResponderGrant={[Function]}
            onResponderMove={[Function]}
            onResponderRelease={[Function]}
            onResponderTerminate={[Function]}
            onResponderTerminationRequest={[Function]}
            onStartShouldSetResponder={[Function]}
            style={
              Object {
                "flexGrow": 1,
                "flexShrink": 1,
              }
            }
          >
            <View
              index={0}
              siblings={
                Array [
                  "View",
                  "withTheme(Portal)",
                ]
              }
              style={
                Object {
                  "flexDirection": "row",
                }
              }
              total={2}
            >
              <View
                style={
                  Array [
                    Object {
                      "backgroundColor": "#eeeeee",
                      "height": 195,
                      "overflow": "hidden",
                    },
                    undefined,
                    Object {
                      "flex": 1,
                      "height": 150,
                      "width": 100,
                    },
                  ]
                }
              >
                <Image
                  source={
                    Object {
                      "uri": "https://image.tmdb.org/t/p/w500//7uRbWOXxpWDMtnsd2PF3clu65jc.jpg",
                    }
                  }
                  style={
                    Array [
                      Object {
                        "flex": 1,
                        "height": undefined,
                        "justifyContent": "flex-end",
                        "padding": 16,
                        "width": undefined,
                      },
                      undefined,
                    ]
                  }
                />
              </View>
              <View
                style={
                  Array [
                    Object {
                      "paddingHorizontal": 16,
                    },
                    undefined,
                    Object {
                      "flex": 2,
                      "flexShrink": 1,
                    },
                  ]
                }
              >
                <Text
                  ellipsizeMode="tail"
                  numberOfLines={2}
                  style={
                    Array [
                      Object {
                        "color": "#000000",
                        "fontFamily": "System",
                        "fontWeight": "400",
                      },
                      Object {
                        "textAlign": "left",
                      },
                      Array [
                        Object {
                          "textAlign": "left",
                        },
                        Object {
                          "color": "rgba(0, 0, 0, 0.87)",
                          "fontFamily": "System",
                          "fontWeight": "500",
                          "writingDirection": "ltr",
                        },
                        Array [
                          Object {
                            "fontSize": 20,
                            "letterSpacing": 0.15,
                            "lineHeight": 30,
                            "marginVertical": 2,
                          },
                          Object {
                            "color": "#FFFFFF",
                            "fontSize": 20,
                          },
                        ],
                      ],
                    ]
                  }
                >
                  Resident Evil: Welcome to Raccoon City
                </Text>
                <View
                  style={
                    Object {
                      "flex": 1,
                      "justifyContent": "center",
                    }
                  }
                >
                  <View
                    style={
                      Array [
                        Object {
                          "alignItems": "center",
                          "backgroundColor": "transparent",
                          "flexDirection": "column",
                          "justifyContent": "center",
                        },
                      ]
                    }
                  >
                    <View
                      style={
                        Array [
                          Object {
                            "alignItems": "center",
                            "flexDirection": "row",
                            "justifyContent": "center",
                          },
                        ]
                      }
                    >
                      <View
                        accessible={true}
                        focusable={true}
                        onClick={[Function]}
                        onResponderGrant={[Function]}
                        onResponderMove={[Function]}
                        onResponderRelease={[Function]}
                        onResponderTerminate={[Function]}
                        onResponderTerminationRequest={[Function]}
                        onStartShouldSetResponder={[Function]}
                        style={
                          Object {
                            "opacity": 1,
                          }
                        }
                      >
                        <Image
                          source={1}
                          style={
                            Object {
                              "height": 25,
                              "margin": 3,
                              "tintColor": "#f1c40f",
                              "transform": Array [
                                Object {
                                  "scale": 1,
                                },
                              ],
                              "width": 25,
                            }
                          }
                        />
                      </View>
                      <View
                        accessible={true}
                        focusable={true}
                        onClick={[Function]}
                        onResponderGrant={[Function]}
                        onResponderMove={[Function]}
                        onResponderRelease={[Function]}
                        onResponderTerminate={[Function]}
                        onResponderTerminationRequest={[Function]}
                        onStartShouldSetResponder={[Function]}
                        style={
                          Object {
                            "opacity": 1,
                          }
                        }
                      >
                        <Image
                          source={1}
                          style={
                            Object {
                              "height": 25,
                              "margin": 3,
                              "tintColor": "#f1c40f",
                              "transform": Array [
                                Object {
                                  "scale": 1,
                                },
                              ],
                              "width": 25,
                            }
                          }
                        />
                      </View>
                      <View
                        accessible={true}
                        focusable={true}
                        onClick={[Function]}
                        onResponderGrant={[Function]}
                        onResponderMove={[Function]}
                        onResponderRelease={[Function]}
                        onResponderTerminate={[Function]}
                        onResponderTerminationRequest={[Function]}
                        onStartShouldSetResponder={[Function]}
                        style={
                          Object {
                            "opacity": 1,
                          }
                        }
                      >
                        <Image
                          source={1}
                          style={
                            Object {
                              "height": 25,
                              "margin": 3,
                              "tintColor": "#f1c40f",
                              "transform": Array [
                                Object {
                                  "scale": 1,
                                },
                              ],
                              "width": 25,
                            }
                          }
                        />
                      </View>
                      <View
                        accessible={true}
                        focusable={true}
                        onClick={[Function]}
                        onResponderGrant={[Function]}
                        onResponderMove={[Function]}
                        onResponderRelease={[Function]}
                        onResponderTerminate={[Function]}
                        onResponderTerminationRequest={[Function]}
                        onStartShouldSetResponder={[Function]}
                        style={
                          Object {
                            "opacity": 1,
                          }
                        }
                      >
                        <Image
                          source={1}
                          style={
                            Object {
                              "height": 25,
                              "margin": 3,
                              "tintColor": "#BDC3C7",
                              "transform": Array [
                                Object {
                                  "scale": 1,
                                },
                              ],
                              "width": 25,
                            }
                          }
                        />
                      </View>
                      <View
                        accessible={true}
                        focusable={true}
                        onClick={[Function]}
                        onResponderGrant={[Function]}
                        onResponderMove={[Function]}
                        onResponderRelease={[Function]}
                        onResponderTerminate={[Function]}
                        onResponderTerminationRequest={[Function]}
                        onStartShouldSetResponder={[Function]}
                        style={
                          Object {
                            "opacity": 1,
                          }
                        }
                      >
                        <Image
                          source={1}
                          style={
                            Object {
                              "height": 25,
                              "margin": 3,
                              "tintColor": "#BDC3C7",
                              "transform": Array [
                                Object {
                                  "scale": 1,
                                },
                              ],
                              "width": 25,
                            }
                          }
                        />
                      </View>
                    </View>
                  </View>
                </View>
                <View
                  accessible={true}
                  collapsable={false}
                  focusable={true}
                  onBlur={[Function]}
                  onClick={[Function]}
                  onFocus={[Function]}
                  onResponderGrant={[Function]}
                  onResponderMove={[Function]}
                  onResponderRelease={[Function]}
                  onResponderTerminate={[Function]}
                  onResponderTerminationRequest={[Function]}
                  onStartShouldSetResponder={[Function]}
                  style={
                    Object {
                      "alignSelf": "flex-end",
                    }
                  }
                  type="text"
                >
                  <Text
                    style={
                      Object {
                        "color": "#FF9C55",
                        "fontSize": 12,
                        "paddingBottom": 10,
                      }
                    }
                  >
                    SHOW MORE
                  </Text>
                </View>
              </View>
            </View>
          </View>
        </View>
        <View
          style={
            Object {
              "backgroundColor": "#352761",
              "borderColor": "rgba(0, 0, 0, 0.12)",
              "borderRadius": 4,
              "elevation": 1,
              "margin": 10,
              "shadowColor": "#000000",
              "shadowOffset": Object {
                "height": 0.5,
                "width": 0,
              },
              "shadowOpacity": 0.24,
              "shadowRadius": 0.75,
            }
          }
        >
          <View
            accessible={true}
            focusable={false}
            onClick={[Function]}
            onResponderGrant={[Function]}
            onResponderMove={[Function]}
            onResponderRelease={[Function]}
            onResponderTerminate={[Function]}
            onResponderTerminationRequest={[Function]}
            onStartShouldSetResponder={[Function]}
            style={
              Object {
                "flexGrow": 1,
                "flexShrink": 1,
              }
            }
          >
            <View
              index={0}
              siblings={
                Array [
                  "View",
                  "withTheme(Portal)",
                ]
              }
              style={
                Object {
                  "flexDirection": "row",
                }
              }
              total={2}
            >
              <View
                style={
                  Array [
                    Object {
                      "backgroundColor": "#eeeeee",
                      "height": 195,
                      "overflow": "hidden",
                    },
                    undefined,
                    Object {
                      "flex": 1,
                      "height": 150,
                      "width": 100,
                    },
                  ]
                }
              >
                <Image
                  source={
                    Object {
                      "uri": "https://image.tmdb.org/t/p/w500//lAXONuqg41NwUMuzMiFvicDET9Y.jpg",
                    }
                  }
                  style={
                    Array [
                      Object {
                        "flex": 1,
                        "height": undefined,
                        "justifyContent": "flex-end",
                        "padding": 16,
                        "width": undefined,
                      },
                      undefined,
                    ]
                  }
                />
              </View>
              <View
                style={
                  Array [
                    Object {
                      "paddingHorizontal": 16,
                    },
                    undefined,
                    Object {
                      "flex": 2,
                      "flexShrink": 1,
                    },
                  ]
                }
              >
                <Text
                  ellipsizeMode="tail"
                  numberOfLines={2}
                  style={
                    Array [
                      Object {
                        "color": "#000000",
                        "fontFamily": "System",
                        "fontWeight": "400",
                      },
                      Object {
                        "textAlign": "left",
                      },
                      Array [
                        Object {
                          "textAlign": "left",
                        },
                        Object {
                          "color": "rgba(0, 0, 0, 0.87)",
                          "fontFamily": "System",
                          "fontWeight": "500",
                          "writingDirection": "ltr",
                        },
                        Array [
                          Object {
                            "fontSize": 20,
                            "letterSpacing": 0.15,
                            "lineHeight": 30,
                            "marginVertical": 2,
                          },
                          Object {
                            "color": "#FFFFFF",
                            "fontSize": 20,
                          },
                        ],
                      ],
                    ]
                  }
                >
                  Red Notice
                </Text>
                <View
                  style={
                    Object {
                      "flex": 1,
                      "justifyContent": "center",
                    }
                  }
                >
                  <View
                    style={
                      Array [
                        Object {
                          "alignItems": "center",
                          "backgroundColor": "transparent",
                          "flexDirection": "column",
                          "justifyContent": "center",
                        },
                      ]
                    }
                  >
                    <View
                      style={
                        Array [
                          Object {
                            "alignItems": "center",
                            "flexDirection": "row",
                            "justifyContent": "center",
                          },
                        ]
                      }
                    >
                      <View
                        accessible={true}
                        focusable={true}
                        onClick={[Function]}
                        onResponderGrant={[Function]}
                        onResponderMove={[Function]}
                        onResponderRelease={[Function]}
                        onResponderTerminate={[Function]}
                        onResponderTerminationRequest={[Function]}
                        onStartShouldSetResponder={[Function]}
                        style={
                          Object {
                            "opacity": 1,
                          }
                        }
                      >
                        <Image
                          source={1}
                          style={
                            Object {
                              "height": 25,
                              "margin": 3,
                              "tintColor": "#f1c40f",
                              "transform": Array [
                                Object {
                                  "scale": 1,
                                },
                              ],
                              "width": 25,
                            }
                          }
                        />
                      </View>
                      <View
                        accessible={true}
                        focusable={true}
                        onClick={[Function]}
                        onResponderGrant={[Function]}
                        onResponderMove={[Function]}
                        onResponderRelease={[Function]}
                        onResponderTerminate={[Function]}
                        onResponderTerminationRequest={[Function]}
                        onStartShouldSetResponder={[Function]}
                        style={
                          Object {
                            "opacity": 1,
                          }
                        }
                      >
                        <Image
                          source={1}
                          style={
                            Object {
                              "height": 25,
                              "margin": 3,
                              "tintColor": "#f1c40f",
                              "transform": Array [
                                Object {
                                  "scale": 1,
                                },
                              ],
                              "width": 25,
                            }
                          }
                        />
                      </View>
                      <View
                        accessible={true}
                        focusable={true}
                        onClick={[Function]}
                        onResponderGrant={[Function]}
                        onResponderMove={[Function]}
                        onResponderRelease={[Function]}
                        onResponderTerminate={[Function]}
                        onResponderTerminationRequest={[Function]}
                        onStartShouldSetResponder={[Function]}
                        style={
                          Object {
                            "opacity": 1,
                          }
                        }
                      >
                        <Image
                          source={1}
                          style={
                            Object {
                              "height": 25,
                              "margin": 3,
                              "tintColor": "#f1c40f",
                              "transform": Array [
                                Object {
                                  "scale": 1,
                                },
                              ],
                              "width": 25,
                            }
                          }
                        />
                      </View>
                      <View
                        accessible={true}
                        focusable={true}
                        onClick={[Function]}
                        onResponderGrant={[Function]}
                        onResponderMove={[Function]}
                        onResponderRelease={[Function]}
                        onResponderTerminate={[Function]}
                        onResponderTerminationRequest={[Function]}
                        onStartShouldSetResponder={[Function]}
                        style={
                          Object {
                            "opacity": 1,
                          }
                        }
                      >
                        <Image
                          source={1}
                          style={
                            Object {
                              "height": 25,
                              "margin": 3,
                              "tintColor": "#BDC3C7",
                              "transform": Array [
                                Object {
                                  "scale": 1,
                                },
                              ],
                              "width": 25,
                            }
                          }
                        />
                      </View>
                      <View
                        accessible={true}
                        focusable={true}
                        onClick={[Function]}
                        onResponderGrant={[Function]}
                        onResponderMove={[Function]}
                        onResponderRelease={[Function]}
                        onResponderTerminate={[Function]}
                        onResponderTerminationRequest={[Function]}
                        onStartShouldSetResponder={[Function]}
                        style={
                          Object {
                            "opacity": 1,
                          }
                        }
                      >
                        <Image
                          source={1}
                          style={
                            Object {
                              "height": 25,
                              "margin": 3,
                              "tintColor": "#BDC3C7",
                              "transform": Array [
                                Object {
                                  "scale": 1,
                                },
                              ],
                              "width": 25,
                            }
                          }
                        />
                      </View>
                    </View>
                  </View>
                </View>
                <View
                  accessible={true}
                  collapsable={false}
                  focusable={true}
                  onBlur={[Function]}
                  onClick={[Function]}
                  onFocus={[Function]}
                  onResponderGrant={[Function]}
                  onResponderMove={[Function]}
                  onResponderRelease={[Function]}
                  onResponderTerminate={[Function]}
                  onResponderTerminationRequest={[Function]}
                  onStartShouldSetResponder={[Function]}
                  style={
                    Object {
                      "alignSelf": "flex-end",
                    }
                  }
                  type="text"
                >
                  <Text
                    style={
                      Object {
                        "color": "#FF9C55",
                        "fontSize": 12,
                        "paddingBottom": 10,
                      }
                    }
                  >
                    SHOW MORE
                  </Text>
                </View>
              </View>
            </View>
          </View>
        </View>
      </View>
    </RCTScrollView>
    <View
      accessible={true}
      collapsable={false}
      focusable={true}
      onBlur={[Function]}
      onClick={[Function]}
      onFocus={[Function]}
      onResponderGrant={[Function]}
      onResponderMove={[Function]}
      onResponderRelease={[Function]}
      onResponderTerminate={[Function]}
      onResponderTerminationRequest={[Function]}
      onStartShouldSetResponder={[Function]}
      style={
        Object {
          "alignSelf": "center",
          "backgroundColor": "#352761",
          "borderRadius": 10,
          "margin": 10,
          "maxWidth": 200,
          "padding": 15,
          "paddingHorizontal": 30,
        }
      }
    >
      <Text
        style={
          Object {
            "color": "#FFFFFF",
            "fontSize": 18,
            "textAlign": "center",
          }
        }
      >
         Submit rating
      </Text>
    </View>
  </RCTSafeAreaView>
</View>
`;
