// Jest Snapshot v1, https://goo.gl/fbAQLP

exports[`Movie component snapshot 1`] = `
<View
  style={
    Object {
      "backgroundColor": "#ffffff",
      "borderColor": "rgba(0, 0, 0, 0.12)",
      "borderRadius": 4,
      "elevation": 1,
      "margin": 10,
      "padding": "1rem",
      "shadowColor": "#000000",
      "shadowOffset": Object {
        "height": 0.5,
        "width": 0,
      },
      "shadowOpacity": 0.24,
      "shadowRadius": 0.75,
    }
  }
>
  <View
    accessible={true}
    focusable={false}
    onClick={[Function]}
    onResponderGrant={[Function]}
    onResponderMove={[Function]}
    onResponderRelease={[Function]}
    onResponderTerminate={[Function]}
    onResponderTerminationRequest={[Function]}
    onStartShouldSetResponder={[Function]}
    style={
      Object {
        "flexGrow": 1,
        "flexShrink": 1,
      }
    }
  >
    <View
      style={
        Array [
          Object {
            "backgroundColor": "#eeeeee",
            "height": 195,
            "overflow": "hidden",
          },
          Object {
            "borderTopLeftRadius": 4,
            "borderTopRightRadius": 4,
          },
          Object {
            "height": 250,
          },
        ]
      }
    >
      <Image
        siblings={
          Array [
            "withTheme(Card.Cover)",
            "Card.Content",
            "Card.Actions",
          ]
        }
        source={
          Object {
            "uri": "https://image.tmdb.org/t/p/w500//sg4xJaufDiQl7caFEskBtQXfD4x.jpg",
          }
        }
        style={
          Array [
            Object {
              "flex": 1,
              "height": undefined,
              "justifyContent": "flex-end",
              "padding": 16,
              "width": undefined,
            },
            Object {
              "borderTopLeftRadius": 4,
              "borderTopRightRadius": 4,
            },
          ]
        }
      />
    </View>
    <View
      style={
        Array [
          Object {
            "paddingHorizontal": 16,
          },
          undefined,
          undefined,
        ]
      }
    >
      <Text
        style={
          Array [
            Object {
              "color": "#000000",
              "fontFamily": "System",
              "fontWeight": "400",
            },
            Object {
              "textAlign": "left",
            },
            Array [
              Object {
                "textAlign": "left",
              },
              Object {
                "color": "rgba(0, 0, 0, 0.87)",
                "fontFamily": "System",
                "fontWeight": "500",
                "writingDirection": "ltr",
              },
              Array [
                Object {
                  "fontSize": 20,
                  "letterSpacing": 0.15,
                  "lineHeight": 30,
                  "marginVertical": 2,
                },
                undefined,
              ],
            ],
          ]
        }
      >
        Ghostbusters: Afterlife
      </Text>
    </View>
    <View
      index={2}
      siblings={
        Array [
          "withTheme(Card.Cover)",
          "Card.Content",
          "Card.Actions",
        ]
      }
      style={
        Array [
          Object {
            "alignItems": "center",
            "flexDirection": "row",
            "justifyContent": "flex-start",
            "padding": 8,
          },
          undefined,
        ]
      }
      total={3}
    >
      <View
        style={
          Object {
            "flex": 1,
            "justifyContent": "center",
          }
        }
      >
        <View
          style={
            Array [
              Object {
                "alignItems": "center",
                "backgroundColor": "transparent",
                "flexDirection": "column",
                "justifyContent": "center",
              },
            ]
          }
        >
          <Text
            style={
              Array [
                Object {
                  "fontWeight": "bold",
                  "margin": 10,
                },
                Object {
                  "color": "rgba(230, 196, 46, 1)",
                  "fontSize": 25,
                },
              ]
            }
          >
            
          </Text>
          <View
            style={
              Array [
                Object {
                  "alignItems": "center",
                  "flexDirection": "row",
                  "justifyContent": "center",
                },
              ]
            }
          >
            <View
              accessible={true}
              focusable={true}
              onClick={[Function]}
              onResponderGrant={[Function]}
              onResponderMove={[Function]}
              onResponderRelease={[Function]}
              onResponderTerminate={[Function]}
              onResponderTerminationRequest={[Function]}
              onStartShouldSetResponder={[Function]}
              style={
                Object {
                  "opacity": 1,
                }
              }
            >
              <Image
                source={1}
                style={
                  Object {
                    "height": 40,
                    "margin": 3,
                    "tintColor": "#f1c40f",
                    "transform": Array [
                      Object {
                        "scale": 1,
                      },
                    ],
                    "width": 40,
                  }
                }
              />
            </View>
            <View
              accessible={true}
              focusable={true}
              onClick={[Function]}
              onResponderGrant={[Function]}
              onResponderMove={[Function]}
              onResponderRelease={[Function]}
              onResponderTerminate={[Function]}
              onResponderTerminationRequest={[Function]}
              onStartShouldSetResponder={[Function]}
              style={
                Object {
                  "opacity": 1,
                }
              }
            >
              <Image
                source={1}
                style={
                  Object {
                    "height": 40,
                    "margin": 3,
                    "tintColor": "#f1c40f",
                    "transform": Array [
                      Object {
                        "scale": 1,
                      },
                    ],
                    "width": 40,
                  }
                }
              />
            </View>
            <View
              accessible={true}
              focusable={true}
              onClick={[Function]}
              onResponderGrant={[Function]}
              onResponderMove={[Function]}
              onResponderRelease={[Function]}
              onResponderTerminate={[Function]}
              onResponderTerminationRequest={[Function]}
              onStartShouldSetResponder={[Function]}
              style={
                Object {
                  "opacity": 1,
                }
              }
            >
              <Image
                source={1}
                style={
                  Object {
                    "height": 40,
                    "margin": 3,
                    "tintColor": "#f1c40f",
                    "transform": Array [
                      Object {
                        "scale": 1,
                      },
                    ],
                    "width": 40,
                  }
                }
              />
            </View>
            <View
              accessible={true}
              focusable={true}
              onClick={[Function]}
              onResponderGrant={[Function]}
              onResponderMove={[Function]}
              onResponderRelease={[Function]}
              onResponderTerminate={[Function]}
              onResponderTerminationRequest={[Function]}
              onStartShouldSetResponder={[Function]}
              style={
                Object {
                  "opacity": 1,
                }
              }
            >
              <Image
                source={1}
                style={
                  Object {
                    "height": 40,
                    "margin": 3,
                    "tintColor": "#BDC3C7",
                    "transform": Array [
                      Object {
                        "scale": 1,
                      },
                    ],
                    "width": 40,
                  }
                }
              />
            </View>
            <View
              accessible={true}
              focusable={true}
              onClick={[Function]}
              onResponderGrant={[Function]}
              onResponderMove={[Function]}
              onResponderRelease={[Function]}
              onResponderTerminate={[Function]}
              onResponderTerminationRequest={[Function]}
              onStartShouldSetResponder={[Function]}
              style={
                Object {
                  "opacity": 1,
                }
              }
            >
              <Image
                source={1}
                style={
                  Object {
                    "height": 40,
                    "margin": 3,
                    "tintColor": "#BDC3C7",
                    "transform": Array [
                      Object {
                        "scale": 1,
                      },
                    ],
                    "width": 40,
                  }
                }
              />
            </View>
          </View>
        </View>
      </View>
    </View>
  </View>
</View>
`;
